// Jest Snapshot v1, https://goo.gl/fbAQLP

exports[`NotSoImportant component matches snapshot 1`] = `
<div
  className="im-not-important"
>
  shruuugssss
</div>
`;
